serialization
serialized=red
nullable_serialized(null).is_null=false
nullable_serialized(null).is_empty=true
nullable_serialized(red)=red
string=red try_parse=true value=red
string=blue try_parse=false value=empty
boxing
boxed=red unboxed=red

