creating type object (this should run only once).
invoked reflection_base_sample.sample_method
