key=B;1 data_set=A version=2
key=B;3 data_set=A version=2
key=B;5 data_set=B version=1
key=B;7 data_set=B version=1
key=B;9 data_set=C version=0
key=B;11 data_set=D version=0

