key=B;0 type=mongo_test_derived_data
key=B;1 type=mongo_test_derived_data
key=B;2 type=mongo_test_derived_data
key=B;3 type=mongo_test_derived_data

