load all types by key to type A
    key=A;0 type=mongo_test_data
    key=B;0 type=mongo_test_derived_data
    key=C;0 type=mongo_test_other_derived_data
    key=D;0 type=mongo_test_derived_from_derived_data
query by mongo_test_data, unconstrained
    key=A;0 type=mongo_test_data
    key=A;1 type=mongo_test_data
    key=A;2 type=mongo_test_data
    key=A;3 type=mongo_test_data
    key=B;0 type=mongo_test_derived_data
    key=B;1 type=mongo_test_derived_data
    key=B;2 type=mongo_test_derived_data
    key=B;3 type=mongo_test_derived_data
    key=C;0 type=mongo_test_other_derived_data
    key=C;1 type=mongo_test_other_derived_data
    key=C;2 type=mongo_test_other_derived_data
    key=C;3 type=mongo_test_other_derived_data
    key=D;0 type=mongo_test_derived_from_derived_data
    key=D;1 type=mongo_test_derived_from_derived_data
    key=D;2 type=mongo_test_derived_from_derived_data
    key=D;3 type=mongo_test_derived_from_derived_data
query by mongo_test_derived_data : mongo_test_data which also picks up mongo_test_derived_from_derived_data : mongo_test_derived_data, unconstrained
    key=B;0 type=mongo_test_derived_data
    key=B;1 type=mongo_test_derived_data
    key=B;2 type=mongo_test_derived_data
    key=B;3 type=mongo_test_derived_data
    key=D;0 type=mongo_test_derived_from_derived_data
    key=D;1 type=mongo_test_derived_from_derived_data
    key=D;2 type=mongo_test_derived_from_derived_data
    key=D;3 type=mongo_test_derived_from_derived_data
query by mongo_test_other_derived_data : mongo_test_data, unconstrained
    key=C;0 type=mongo_test_other_derived_data
    key=C;1 type=mongo_test_other_derived_data
    key=C;2 type=mongo_test_other_derived_data
    key=C;3 type=mongo_test_other_derived_data
query by mongo_test_derived_from_derived_data : mongo_test_derived_data, where mongo_test_derived_data : mongo_test_data, unconstrained
    key=D;0 type=mongo_test_derived_from_derived_data
    key=D;1 type=mongo_test_derived_from_derived_data
    key=D;2 type=mongo_test_derived_from_derived_data
    key=D;3 type=mongo_test_derived_from_derived_data

