load records by TemporalId without constraint
    found by TemporalId=A0 = true
    found by TemporalId=A1 = true
    found by TemporalId=A2 = true
    found by TemporalId=C0 = true
load records by String key without constraint
    version found for key=A;0: 2
    version found for key=C;0: 0
query records without constraint
    key=A;0 data_set=A version=2
    key=B;0 data_set=B version=2
    key=C;0 data_set=A version=0
    key=D;0 data_set=B version=0
load records by TemporalId with revised_before_id constraint
    found by TemporalId=A0 = true
    found by TemporalId=A1 = true
    found by TemporalId=A2 = false
    found by TemporalId=C0 = false
load records by String key with revised_before_id constraint
    version found for key=A;0: 1
query records with revised_before_id constraint
    key=A;0 data_set=A version=1
    key=B;0 data_set=B version=1

